// Jest Snapshot v1, https://goo.gl/fbAQLP

exports[`Pruebas en <GifItem /> debe hacer match con el snapshot 1`] = `
<div>
  <div
    class="card"
  >
    <img
      alt="Título"
      src="https://github.com/"
    />
    <p>
      Título
    </p>
  </div>
</div>
`;
